// Jest Snapshot v1, https://goo.gl/fbAQLP

exports[`Search renders search component 1`] = `
<body>
  <div>
    <div
      class="flex flex-row items-center m-2 gap-3 MuiBox-root css-0"
    >
      <svg
        aria-hidden="true"
        aria-label="New Recipe"
        class="MuiSvgIcon-root MuiSvgIcon-colorPrimary MuiSvgIcon-fontSizeMedium icon-btn css-ci5apu-MuiSvgIcon-root"
        data-mui-internal-clone-element="true"
        data-testid="AddCircleOutlineIcon"
        focusable="false"
        viewBox="0 0 24 24"
      >
        <path
          d="M13 7h-2v4H7v2h4v4h2v-4h4v-2h-4V7zm-1-5C6.48 2 2 6.48 2 12s4.48 10 10 10 10-4.48 10-10S17.52 2 12 2zm0 18c-4.41 0-8-3.59-8-8s3.59-8 8-8 8 3.59 8 8-3.59 8-8 8z"
        />
      </svg>
      <svg
        aria-hidden="true"
        aria-label="Filter"
        class="MuiSvgIcon-root MuiSvgIcon-colorPrimary MuiSvgIcon-fontSizeMedium icon-btn css-ci5apu-MuiSvgIcon-root"
        data-mui-internal-clone-element="true"
        data-testid="FilterListOutlinedIcon"
        focusable="false"
        viewBox="0 0 24 24"
      >
        <path
          d="M10 18h4v-2h-4v2zM3 6v2h18V6H3zm3 7h12v-2H6v2z"
        />
      </svg>
      <div
        class="MuiCollapse-root MuiCollapse-horizontal MuiCollapse-hidden css-5nave7-MuiCollapse-root"
        style="min-width: 0px;"
      >
        <div
          class="MuiCollapse-wrapper MuiCollapse-horizontal css-18w3a48-MuiCollapse-wrapper"
        >
          <div
            class="MuiCollapse-wrapperInner MuiCollapse-horizontal css-14vyde3-MuiCollapse-wrapperInner"
          >
            <div
              class="MuiFormControl-root MuiTextField-root w-80 css-1u3bzj6-MuiFormControl-root-MuiTextField-root"
            >
              <div
                class="MuiInputBase-root MuiOutlinedInput-root MuiInputBase-colorPrimary Mui-focused MuiInputBase-formControl MuiInputBase-sizeSmall css-9ddj71-MuiInputBase-root-MuiOutlinedInput-root"
              >
                <input
                  aria-invalid="false"
                  autocomplete="off"
                  class="MuiInputBase-input MuiOutlinedInput-input MuiInputBase-inputSizeSmall css-1n4twyu-MuiInputBase-input-MuiOutlinedInput-input"
                  id=":r2:"
                  placeholder="by name"
                  type="text"
                  value=""
                />
                <fieldset
                  aria-hidden="true"
                  class="MuiOutlinedInput-notchedOutline css-1d3z3hw-MuiOutlinedInput-notchedOutline"
                >
                  <legend
                    class="css-ihdtdm"
                  >
                    <span
                      class="notranslate"
                    >
                      â€‹
                    </span>
                  </legend>
                </fieldset>
              </div>
            </div>
          </div>
        </div>
      </div>
      <svg
        aria-hidden="true"
        aria-label="sort by created date asc"
        class="MuiSvgIcon-root MuiSvgIcon-colorPrimary MuiSvgIcon-fontSizeMedium icon-btn css-ci5apu-MuiSvgIcon-root"
        data-mui-internal-clone-element="true"
        data-testid="ExpandLessIcon"
        focusable="false"
        viewBox="0 0 24 24"
      >
        <path
          d="m12 8-6 6 1.41 1.41L12 10.83l4.59 4.58L18 14z"
        />
      </svg>
    </div>
  </div>
</body>
`;
