// Jest Snapshot v1, https://goo.gl/fbAQLP

exports[`Recipe Modal renders recipe modal 1`] = `
<body
  style="padding-right: 1024px; overflow: hidden;"
>
  <div
    aria-hidden="true"
  >
    <div
      class="MuiBox-root css-0"
    />
  </div>
  <div
    class="MuiModal-root css-79ws1d-MuiModal-root"
    role="presentation"
  >
    <div
      aria-hidden="true"
      class="MuiBackdrop-root MuiModal-backdrop css-i9fmh8-MuiBackdrop-root-MuiModal-backdrop"
      style="opacity: 1; webkit-transition: opacity 225ms cubic-bezier(0.4, 0, 0.2, 1) 0ms; transition: opacity 225ms cubic-bezier(0.4, 0, 0.2, 1) 0ms;"
    />
    <div
      data-testid="sentinelStart"
      tabindex="0"
    />
    <div
      class="recipe-modal MuiBox-root css-0"
      tabindex="-1"
    >
      <div
        class="MuiFormControl-root MuiFormControl-marginNormal MuiFormControl-fullWidth MuiTextField-root css-17vbkzs-MuiFormControl-root-MuiTextField-root"
      >
        <label
          class="MuiFormLabel-root MuiInputLabel-root MuiInputLabel-formControl MuiInputLabel-animated MuiInputLabel-shrink MuiInputLabel-sizeSmall MuiInputLabel-outlined MuiFormLabel-colorPrimary MuiFormLabel-filled Mui-required MuiInputLabel-root MuiInputLabel-formControl MuiInputLabel-animated MuiInputLabel-shrink MuiInputLabel-sizeSmall MuiInputLabel-outlined css-1jy569b-MuiFormLabel-root-MuiInputLabel-root"
          data-shrink="true"
          for=":r1:"
          id=":r1:-label"
        >
          Name
          <span
            aria-hidden="true"
            class="MuiFormLabel-asterisk MuiInputLabel-asterisk css-wgai2y-MuiFormLabel-asterisk"
          >
             
            *
          </span>
        </label>
        <div
          class="MuiInputBase-root MuiOutlinedInput-root MuiInputBase-colorPrimary MuiInputBase-fullWidth MuiInputBase-formControl MuiInputBase-sizeSmall css-md26zr-MuiInputBase-root-MuiOutlinedInput-root"
        >
          <input
            aria-invalid="false"
            autocomplete="off"
            class="MuiInputBase-input MuiOutlinedInput-input MuiInputBase-inputSizeSmall css-1n4twyu-MuiInputBase-input-MuiOutlinedInput-input"
            id=":r1:"
            required=""
            type="text"
            value="recipe #1"
          />
          <fieldset
            aria-hidden="true"
            class="MuiOutlinedInput-notchedOutline css-1d3z3hw-MuiOutlinedInput-notchedOutline"
          >
            <legend
              class="css-14lo706"
            >
              <span>
                Name
                 
                *
              </span>
            </legend>
          </fieldset>
        </div>
      </div>
      <div
        class="MuiFormControl-root MuiFormControl-marginNormal MuiFormControl-fullWidth MuiTextField-root css-17vbkzs-MuiFormControl-root-MuiTextField-root"
      >
        <label
          class="MuiFormLabel-root MuiInputLabel-root MuiInputLabel-formControl MuiInputLabel-animated MuiInputLabel-shrink MuiInputLabel-sizeSmall MuiInputLabel-outlined MuiFormLabel-colorPrimary MuiFormLabel-filled Mui-required MuiInputLabel-root MuiInputLabel-formControl MuiInputLabel-animated MuiInputLabel-shrink MuiInputLabel-sizeSmall MuiInputLabel-outlined css-1jy569b-MuiFormLabel-root-MuiInputLabel-root"
          data-shrink="true"
          for=":r2:"
          id=":r2:-label"
        >
          Short Description
          <span
            aria-hidden="true"
            class="MuiFormLabel-asterisk MuiInputLabel-asterisk css-wgai2y-MuiFormLabel-asterisk"
          >
             
            *
          </span>
        </label>
        <div
          class="MuiInputBase-root MuiOutlinedInput-root MuiInputBase-colorPrimary MuiInputBase-fullWidth MuiInputBase-formControl MuiInputBase-sizeSmall MuiInputBase-multiline css-z1o969-MuiInputBase-root-MuiOutlinedInput-root"
        >
          <textarea
            aria-invalid="false"
            autocomplete="off"
            class="MuiInputBase-input MuiOutlinedInput-input MuiInputBase-inputMultiline MuiInputBase-inputSizeSmall css-12tl3rr-MuiInputBase-input-MuiOutlinedInput-input"
            id=":r2:"
            required=""
            style="height: 0px; overflow: hidden;"
          >
            short description
          </textarea>
          <textarea
            aria-hidden="true"
            class="MuiInputBase-input MuiOutlinedInput-input MuiInputBase-inputMultiline MuiInputBase-inputSizeSmall css-12tl3rr-MuiInputBase-input-MuiOutlinedInput-input"
            readonly=""
            style="visibility: hidden; position: absolute; overflow: hidden; height: 0px; top: 0px; left: 0px; transform: translateZ(0); padding: 0px; width: 100%;"
            tabindex="-1"
          />
          <fieldset
            aria-hidden="true"
            class="MuiOutlinedInput-notchedOutline css-1d3z3hw-MuiOutlinedInput-notchedOutline"
          >
            <legend
              class="css-14lo706"
            >
              <span>
                Short Description
                 
                *
              </span>
            </legend>
          </fieldset>
        </div>
      </div>
      <div
        class="MuiFormControl-root MuiFormControl-marginNormal MuiFormControl-fullWidth MuiTextField-root css-17vbkzs-MuiFormControl-root-MuiTextField-root"
      >
        <label
          class="MuiFormLabel-root MuiInputLabel-root MuiInputLabel-formControl MuiInputLabel-animated MuiInputLabel-shrink MuiInputLabel-outlined MuiFormLabel-colorPrimary MuiFormLabel-filled Mui-required MuiInputLabel-root MuiInputLabel-formControl MuiInputLabel-animated MuiInputLabel-shrink MuiInputLabel-outlined css-1jy569b-MuiFormLabel-root-MuiInputLabel-root"
          data-shrink="true"
          for=":r3:"
          id=":r3:-label"
        >
          Recipe
          <span
            aria-hidden="true"
            class="MuiFormLabel-asterisk MuiInputLabel-asterisk css-wgai2y-MuiFormLabel-asterisk"
          >
             
            *
          </span>
        </label>
        <div
          class="MuiInputBase-root MuiOutlinedInput-root MuiInputBase-colorPrimary MuiInputBase-fullWidth MuiInputBase-formControl MuiInputBase-multiline css-8ewcdo-MuiInputBase-root-MuiOutlinedInput-root"
        >
          <textarea
            aria-invalid="false"
            autocomplete="off"
            class="MuiInputBase-input MuiOutlinedInput-input MuiInputBase-inputMultiline css-1sqnrkk-MuiInputBase-input-MuiOutlinedInput-input"
            id=":r3:"
            required=""
            style="height: 0px; overflow: hidden;"
          >
            description
          </textarea>
          <textarea
            aria-hidden="true"
            class="MuiInputBase-input MuiOutlinedInput-input MuiInputBase-inputMultiline css-1sqnrkk-MuiInputBase-input-MuiOutlinedInput-input"
            readonly=""
            style="visibility: hidden; position: absolute; overflow: hidden; height: 0px; top: 0px; left: 0px; transform: translateZ(0); padding: 0px; width: 100%;"
            tabindex="-1"
          />
          <fieldset
            aria-hidden="true"
            class="MuiOutlinedInput-notchedOutline css-1d3z3hw-MuiOutlinedInput-notchedOutline"
          >
            <legend
              class="css-14lo706"
            >
              <span>
                Recipe
                 
                *
              </span>
            </legend>
          </fieldset>
        </div>
      </div>
      <div
        class="flex flex-row gap-5 mt-4 MuiBox-root css-0"
      >
        <button
          class="MuiButtonBase-root MuiButton-root MuiButton-contained MuiButton-containedPrimary MuiButton-sizeSmall MuiButton-containedSizeSmall Mui-disabled MuiButton-root MuiButton-contained MuiButton-containedPrimary MuiButton-sizeSmall MuiButton-containedSizeSmall w-3/12 css-11qr2p8-MuiButtonBase-root-MuiButton-root"
          disabled=""
          tabindex="-1"
          type="button"
        >
          Save
        </button>
        <button
          class="MuiButtonBase-root MuiButton-root MuiButton-outlined MuiButton-outlinedError MuiButton-sizeSmall MuiButton-outlinedSizeSmall MuiButton-root MuiButton-outlined MuiButton-outlinedError MuiButton-sizeSmall MuiButton-outlinedSizeSmall w-3/12 css-1ir7th6-MuiButtonBase-root-MuiButton-root"
          tabindex="0"
          type="button"
        >
          Delete
          <span
            class="MuiTouchRipple-root css-8je8zh-MuiTouchRipple-root"
          />
        </button>
      </div>
    </div>
    <div
      data-testid="sentinelEnd"
      tabindex="0"
    />
  </div>
</body>
`;
